\BOOKMARK [0][-]{chapter.1}{Introducci\363n}{}% 1
\BOOKMARK [1][-]{section.1.1}{Motivaci\363n\040y\040pregunta\040de\040investigaci\363n}{chapter.1}% 2
\BOOKMARK [1][-]{section.1.2}{Por\040qu\351\040precisamente\040este\040universo}{chapter.1}% 3
\BOOKMARK [0][-]{chapter.2}{Revisi\363n\040de\040la\040literatura}{}% 4
\BOOKMARK [1][-]{section.2.1}{El\040momentum\040dentro\040de\040los\040modelos\040multifactoriales}{chapter.2}% 5
\BOOKMARK [1][-]{section.2.2}{El\040mecanismo\040de\040los\040crashes\040de\040momentum}{chapter.2}% 6
\BOOKMARK [1][-]{section.2.3}{Volatility\040targeting:\040la\040soluci\363n\040de\040escalado\040por\040riesgo}{chapter.2}% 7
\BOOKMARK [2][-]{subsection.2.3.1}{Barroso\040y\040Santa-Clara\040\(2015\):\040``Momentum\040has\040its\040moments''}{section.2.3}% 8
\BOOKMARK [2][-]{subsection.2.3.2}{Moreira\040y\040Muir\040\(2017\):\040``Volatility-Managed\040Portfolios''}{section.2.3}% 9
\BOOKMARK [2][-]{subsection.2.3.3}{Daniel\040y\040Moskowitz\040\(2016\):\040el\040refinamiento\040condicional}{section.2.3}% 10
\BOOKMARK [1][-]{section.2.4}{Costes\040de\040transacci\363n\040e\040implementabilidad\040real}{chapter.2}% 11
\BOOKMARK [1][-]{section.2.5}{S\355ntesis\040y\040posicionamiento\040del\040trabajo}{chapter.2}% 12
\BOOKMARK [0][-]{chapter.3}{Metodolog\355a}{}% 13
\BOOKMARK [1][-]{section.3.1}{Universo\040de\040inversi\363n\040y\040control\040de\040calidad\040de\040los\040datos}{chapter.3}% 14
\BOOKMARK [1][-]{section.3.2}{Construcci\363n\040y\040validaci\363n\040de\040la\040se\361al\040momentum}{chapter.3}% 15
\BOOKMARK [1][-]{section.3.3}{Construcci\363n\040de\040la\040cartera\040y\040motor\040de\040backtest}{chapter.3}% 16
\BOOKMARK [1][-]{section.3.4}{M\351tricas\040de\040riesgo-retorno}{chapter.3}% 17
\BOOKMARK [1][-]{section.3.5}{Escalado\040por\040volatilidad}{chapter.3}% 18
\BOOKMARK [1][-]{section.3.6}{Costes\040de\040transacci\363n\040y\040financiaci\363n}{chapter.3}% 19
\BOOKMARK [1][-]{section.3.7}{Tests\040de\040robustez}{chapter.3}% 20
\BOOKMARK [1][-]{section.3.8}{Validaci\363n\040externa}{chapter.3}% 21
\BOOKMARK [0][-]{chapter.4}{Resultados}{}% 22
\BOOKMARK [1][-]{section.4.1}{Validaci\363n\040de\040la\040se\361al\040momentum}{chapter.4}% 23
\BOOKMARK [1][-]{section.4.2}{Serie\040sin\040escalar:\040m\351tricas\040de\040riesgo-retorno}{chapter.4}% 24
\BOOKMARK [1][-]{section.4.3}{Escalado\040por\040volatilidad:\040de\040la\040estimaci\363n\040mensual\040a\040la\040diaria}{chapter.4}% 25
\BOOKMARK [1][-]{section.4.4}{Comparaci\363n\040pura\040vs.\040escalada,\040bruta\040y\040neta\040de\040costes}{chapter.4}% 26
\BOOKMARK [1][-]{section.4.5}{Tests\040de\040robustez}{chapter.4}% 27
\BOOKMARK [1][-]{section.4.6}{Validaci\363n\040externa:\040factor\040Europe\040Momentum\040\(Kenneth\040French\)}{chapter.4}% 28
\BOOKMARK [1][-]{section.4.7}{Tabla\040de\040s\355ntesis\040final\040del\040checkpoint\040de\040sanidad}{chapter.4}% 29
\BOOKMARK [0][-]{chapter.5}{Discusi\363n\040y\040conclusiones}{}% 30
\BOOKMARK [1][-]{section.5.1}{Discusi\363n}{chapter.5}% 31
\BOOKMARK [1][-]{section.5.2}{Conclusiones}{chapter.5}% 32
\BOOKMARK [1][-]{section.5.3}{Limitaciones}{chapter.5}% 33
\BOOKMARK [0][-]{section.5.3}{Bibliograf\355a}{}% 34
